Public archive consumer check of the vendored @zodiacs/engine 0.1.1-rc.15 archive: every check passed on Node 22.22.2 and Node 24.21.0.
{
  "version": "0.1.1-rc.15",
  "sha256": "24eeb597b0157598c0faa26bb615c0cb5dfaaeac0393d62c73fbd37c5da4d348",
  "publicExamples": "passed",
  "types": "passed",
  "archive": "vendor/zodiacs-engine-0.1.1-rc.15.tgz",
  "harness": "scripts/verify-packed-consumer.mjs from zodiacs-org/engine at 104bd5a56ee00356eecc75f15f0aa946f5a39f41 (unchanged at cbad72cf075c1950bca1250dfd911085da3208d2 and 93ebae9fa54597aeaafbb346873f7f51e3cc6cb6), run as published there with that commit's package.json beside it",
  "harnessSha256": "50ba159992fbcd5ebb64fd73de6aba293a8d26429bab914af179de55c01ebafb",
  "sourceCommit": "104bd5a56ee00356eecc75f15f0aa946f5a39f41",
  "typescript": "5.9.3",
  "typeRoots": "none (types: [])",
  "checks": [
    "timeBasis",
    "zoneHistory",
    "timing",
    "configuredAspects",
    "exactAspectBoundaries",
    "chartDeclinations",
    "sunConvention",
    "boundMargin",
    "exactSeparation",
    "ephemerisSpan",
    "metadata",
    "bodyLabels",
    "ephemerisRangeErrors",
    "crossings",
    "publicExamples",
    "errors",
    "optionalIsolation",
    "geoRetry",
    "geoSchemaRecovery",
    "geoCacheMutationIsolation",
    "natalEnvelope",
    "redactedDiagnostic",
    "typedFlagCompatibility",
    "derivedEchoReplay",
    "suppliedChartMetadata",
    "flagRejections",
    "scalarSnapshots",
    "civilSettingsBeforeIntl",
    "types"
  ],
  "runtimes": [
    "v22.22.2",
    "v24.21.0"
  ],
  "results": [
    {
      "runtime": "v22.22.2",
      "checks": {
        "timeBasis": "passed",
        "zoneHistory": "passed",
        "timing": "passed",
        "configuredAspects": "passed",
        "exactAspectBoundaries": "passed",
        "chartDeclinations": "passed",
        "sunConvention": "passed",
        "boundMargin": "passed",
        "exactSeparation": "passed",
        "ephemerisSpan": "passed",
        "metadata": "passed",
        "bodyLabels": "passed",
        "ephemerisRangeErrors": "passed",
        "crossings": "passed",
        "publicExamples": "passed",
        "errors": "passed",
        "optionalIsolation": "passed",
        "geoRetry": "passed",
        "geoSchemaRecovery": "passed",
        "geoCacheMutationIsolation": "passed",
        "natalEnvelope": "passed",
        "redactedDiagnostic": "passed",
        "typedFlagCompatibility": "passed",
        "derivedEchoReplay": "passed",
        "suppliedChartMetadata": "passed",
        "flagRejections": "passed",
        "scalarSnapshots": "passed",
        "civilSettingsBeforeIntl": "passed",
        "types": "passed"
      },
      "consumerDirectoryRemoved": true
    },
    {
      "runtime": "v24.21.0",
      "checks": {
        "timeBasis": "passed",
        "zoneHistory": "passed",
        "timing": "passed",
        "configuredAspects": "passed",
        "exactAspectBoundaries": "passed",
        "chartDeclinations": "passed",
        "sunConvention": "passed",
        "boundMargin": "passed",
        "exactSeparation": "passed",
        "ephemerisSpan": "passed",
        "metadata": "passed",
        "bodyLabels": "passed",
        "ephemerisRangeErrors": "passed",
        "crossings": "passed",
        "publicExamples": "passed",
        "errors": "passed",
        "optionalIsolation": "passed",
        "geoRetry": "passed",
        "geoSchemaRecovery": "passed",
        "geoCacheMutationIsolation": "passed",
        "natalEnvelope": "passed",
        "redactedDiagnostic": "passed",
        "typedFlagCompatibility": "passed",
        "derivedEchoReplay": "passed",
        "suppliedChartMetadata": "passed",
        "flagRejections": "passed",
        "scalarSnapshots": "passed",
        "civilSettingsBeforeIntl": "passed",
        "types": "passed"
      },
      "consumerDirectoryRemoved": true
    }
  ],
  "command": "TMPDIR=<a directory with no node_modules or package.json above it> node scripts/verify-packed-consumer.mjs /absolute/path/to/site/vendor/zodiacs-engine-0.1.1-rc.15.tgz",
  "installation": "Each run makes a fresh consumer directory, installs the vendored archive and its public dependencies from npm and TypeScript 5.9.3 with lifecycle scripts ignored, checks the installed licence (MIT AND CC-BY-4.0), engines range (^20.19.0 || >=22.7.0) and licence files (LICENSE, LICENSING.md, NOTICE), compiles a strict TypeScript consumer of the root, geo, receipt, crossings, timing and vedic exports against the archive declarations, runs the behaviour groups, and removes the directory.",
  "completedAt": "2026-09-30T08:13:21Z",
  "attribution": "Automated consumer check run by the integrator; not an independent review."
}
