Public archive consumer check of the vendored @zodiacs/engine 0.1.1-rc.14 archive: every check passed on Node 22.22.2 and Node 24.21.0.
{
  "version": "0.1.1-rc.14",
  "sha256": "adc9805e22cd2468fa3340a864d9c53b36ff91e8f1592fdb35d8da8b69f4476e",
  "publicExamples": "passed",
  "types": "passed",
  "archive": "vendor/zodiacs-engine-0.1.1-rc.14.tgz",
  "harness": "scripts/verify-packed-consumer.mjs from zodiacs-org/engine at 03db4bb602377896283775920519b26d1f19a890 (unchanged at 8deda244dc87ccf5f68abba1f3173f142da40a2a), run as published there with that commit's package.json beside it",
  "harnessSha256": "951e2313aea2bc2d4386929c0d2c2c03e2001aa08f6b1bf4aba6210fc78ba9a0",
  "sourceCommit": "03db4bb602377896283775920519b26d1f19a890",
  "typescript": "5.9.3",
  "typeRoots": "none (types: [])",
  "checks": [
    "configuredAspects",
    "exactAspectBoundaries",
    "chartDeclinations",
    "sunConvention",
    "boundMargin",
    "exactSeparation",
    "ephemerisSpan",
    "metadata",
    "bodyLabels",
    "ephemerisRangeErrors",
    "crossings",
    "publicExamples",
    "errors",
    "optionalIsolation",
    "geoRetry",
    "geoSchemaRecovery",
    "geoCacheMutationIsolation",
    "natalEnvelope",
    "redactedDiagnostic",
    "typedFlagCompatibility",
    "derivedEchoReplay",
    "suppliedChartMetadata",
    "flagRejections",
    "scalarSnapshots",
    "civilSettingsBeforeIntl",
    "types"
  ],
  "runtimes": [
    "v22.22.2",
    "v24.21.0"
  ],
  "results": [
    {
      "runtime": "v22.22.2",
      "checks": {
        "configuredAspects": "passed",
        "exactAspectBoundaries": "passed",
        "chartDeclinations": "passed",
        "sunConvention": "passed",
        "boundMargin": "passed",
        "exactSeparation": "passed",
        "ephemerisSpan": "passed",
        "metadata": "passed",
        "bodyLabels": "passed",
        "ephemerisRangeErrors": "passed",
        "crossings": "passed",
        "publicExamples": "passed",
        "errors": "passed",
        "optionalIsolation": "passed",
        "geoRetry": "passed",
        "geoSchemaRecovery": "passed",
        "geoCacheMutationIsolation": "passed",
        "natalEnvelope": "passed",
        "redactedDiagnostic": "passed",
        "typedFlagCompatibility": "passed",
        "derivedEchoReplay": "passed",
        "suppliedChartMetadata": "passed",
        "flagRejections": "passed",
        "scalarSnapshots": "passed",
        "civilSettingsBeforeIntl": "passed",
        "types": "passed"
      },
      "consumerDirectoryRemoved": true
    },
    {
      "runtime": "v24.21.0",
      "checks": {
        "configuredAspects": "passed",
        "exactAspectBoundaries": "passed",
        "chartDeclinations": "passed",
        "sunConvention": "passed",
        "boundMargin": "passed",
        "exactSeparation": "passed",
        "ephemerisSpan": "passed",
        "metadata": "passed",
        "bodyLabels": "passed",
        "ephemerisRangeErrors": "passed",
        "crossings": "passed",
        "publicExamples": "passed",
        "errors": "passed",
        "optionalIsolation": "passed",
        "geoRetry": "passed",
        "geoSchemaRecovery": "passed",
        "geoCacheMutationIsolation": "passed",
        "natalEnvelope": "passed",
        "redactedDiagnostic": "passed",
        "typedFlagCompatibility": "passed",
        "derivedEchoReplay": "passed",
        "suppliedChartMetadata": "passed",
        "flagRejections": "passed",
        "scalarSnapshots": "passed",
        "civilSettingsBeforeIntl": "passed",
        "types": "passed"
      },
      "consumerDirectoryRemoved": true
    }
  ],
  "command": "TMPDIR=<a directory with no node_modules or package.json above it> node scripts/verify-packed-consumer.mjs /absolute/path/to/site/vendor/zodiacs-engine-0.1.1-rc.14.tgz",
  "installation": "Each run makes a fresh consumer directory, installs the vendored archive and its public dependencies from npm and TypeScript 5.9.3 with lifecycle scripts ignored, checks the installed licence (MIT AND CC-BY-4.0), engines range (^20.19.0 || >=22.7.0) and licence files, compiles a strict TypeScript consumer of the root, geo, receipt and crossings exports against the archive declarations, runs the behaviour groups, and removes the directory.",
  "completedAt": "2026-09-29T06:57:20Z",
  "attribution": "Automated consumer check run by the integrator; not an independent review."
}
