Assembled summary of the two actual packed-consumer JSON reports; temporary paths redacted.
{
  "version": "1.0.0-rc.2",
  "sha256": "4cd834b2dca085cd5732ecad6edbd82b61d7625d9a0647900c160a0747810002",
  "publicExamples": "passed",
  "types": "passed",
  "scope": "Packed consumer smoke and TypeScript checks on Node 22.22.2 and 24.19.0; not independent accuracy acceptance.",
  "harness": "scripts/verify-packed-consumer.mjs of engine ff4457be15338fb463e1a379de586b0523ae4844",
  "harnessSha256": "a484a03832bb35477d48b344da206d031685372d9c52b6d6a60307093417e4d7",
  "runs": [
    {
      "version": "1.0.0-rc.2",
      "birthWindow": "passed",
      "techniques": "passed",
      "sky": "passed",
      "houses": "passed",
      "planetaryReturns": "passed",
      "timeBasis": "passed",
      "zoneHistory": "passed",
      "timing": "passed",
      "configuredAspects": "passed",
      "exactAspectBoundaries": "passed",
      "chartDeclinations": "passed",
      "sunConvention": "passed",
      "boundMargin": "passed",
      "exactSeparation": "passed",
      "ephemerisSpan": "passed",
      "metadata": "passed",
      "bodyLabels": "passed",
      "ephemerisRangeErrors": "passed",
      "crossings": "passed",
      "publicExamples": "passed",
      "errors": "passed",
      "optionalIsolation": "passed",
      "geoRetry": "passed",
      "geoSchemaRecovery": "passed",
      "geoCacheMutationIsolation": "passed",
      "natalEnvelope": "passed",
      "redactedDiagnostic": "passed",
      "typedFlagCompatibility": "passed",
      "derivedEchoReplay": "passed",
      "suppliedChartMetadata": "passed",
      "flagRejections": "passed",
      "scalarSnapshots": "passed",
      "civilSettingsBeforeIntl": "passed",
      "oneZeroAdditions": "passed",
      "artifact": "vendor/zodiacs-engine-1.0.0-rc.2.tgz",
      "sha256": "4cd834b2dca085cd5732ecad6edbd82b61d7625d9a0647900c160a0747810002",
      "runtime": "v22.22.2",
      "typescript": "5.9.3",
      "typeRoots": "none (types: [])",
      "directory": "<temporary consumer, removed>",
      "types": "passed",
      "directoryRemoved": true
    },
    {
      "version": "1.0.0-rc.2",
      "birthWindow": "passed",
      "techniques": "passed",
      "sky": "passed",
      "houses": "passed",
      "planetaryReturns": "passed",
      "timeBasis": "passed",
      "zoneHistory": "passed",
      "timing": "passed",
      "configuredAspects": "passed",
      "exactAspectBoundaries": "passed",
      "chartDeclinations": "passed",
      "sunConvention": "passed",
      "boundMargin": "passed",
      "exactSeparation": "passed",
      "ephemerisSpan": "passed",
      "metadata": "passed",
      "bodyLabels": "passed",
      "ephemerisRangeErrors": "passed",
      "crossings": "passed",
      "publicExamples": "passed",
      "errors": "passed",
      "optionalIsolation": "passed",
      "geoRetry": "passed",
      "geoSchemaRecovery": "passed",
      "geoCacheMutationIsolation": "passed",
      "natalEnvelope": "passed",
      "redactedDiagnostic": "passed",
      "typedFlagCompatibility": "passed",
      "derivedEchoReplay": "passed",
      "suppliedChartMetadata": "passed",
      "flagRejections": "passed",
      "scalarSnapshots": "passed",
      "civilSettingsBeforeIntl": "passed",
      "oneZeroAdditions": "passed",
      "artifact": "vendor/zodiacs-engine-1.0.0-rc.2.tgz",
      "sha256": "4cd834b2dca085cd5732ecad6edbd82b61d7625d9a0647900c160a0747810002",
      "runtime": "v24.19.0",
      "typescript": "5.9.3",
      "typeRoots": "none (types: [])",
      "directory": "<temporary consumer, removed>",
      "types": "passed",
      "directoryRemoved": true
    }
  ]
}
