Packed archive consumer checks passed on both recorded runtimes; their formal accuracy gates remain separate.
{
  "version": "0.1.1-rc.16",
  "sha256": "43a72d30e483d8ff22024e403c4bd0d86d81bb6e1d0ad138f857cd001ab015d8",
  "publicExamples": "passed",
  "types": "passed",
  "scope": "Packed-consumer smoke checks on Node22.22.2 and24.19.0, not formal physical accuracy/house/rise-set/planetary-hours acceptance",
  "archive": "vendor/zodiacs-engine-0.1.1-rc.16.tgz",
  "harness": "scripts/verify-packed-consumer.mjs from engine current rc16 checkout",
  "harnessSha256": "703699792bca8d85e229cfeee5f3bf18da606e4aece57af07d7bebc5a5ebf63b",
  "sourceCommit": "ddbbaa0b1d21e16834722f81e8708816849c6726",
  "runs": [
    {
      "version": "0.1.1-rc.16",
      "birthWindow": "passed",
      "techniques": "passed",
      "sky": "passed",
      "houses": "passed",
      "planetaryReturns": "passed",
      "timeBasis": "passed",
      "zoneHistory": "passed",
      "timing": "passed",
      "configuredAspects": "passed",
      "exactAspectBoundaries": "passed",
      "chartDeclinations": "passed",
      "sunConvention": "passed",
      "boundMargin": "passed",
      "exactSeparation": "passed",
      "ephemerisSpan": "passed",
      "metadata": "passed",
      "bodyLabels": "passed",
      "ephemerisRangeErrors": "passed",
      "crossings": "passed",
      "publicExamples": "passed",
      "errors": "passed",
      "optionalIsolation": "passed",
      "geoRetry": "passed",
      "geoSchemaRecovery": "passed",
      "geoCacheMutationIsolation": "passed",
      "natalEnvelope": "passed",
      "redactedDiagnostic": "passed",
      "typedFlagCompatibility": "passed",
      "derivedEchoReplay": "passed",
      "suppliedChartMetadata": "passed",
      "flagRejections": "passed",
      "scalarSnapshots": "passed",
      "civilSettingsBeforeIntl": "passed",
      "artifact": "/workspace/scratch/8dfe85084616/site-rc16/vendor/zodiacs-engine-0.1.1-rc.16.tgz",
      "sha256": "43a72d30e483d8ff22024e403c4bd0d86d81bb6e1d0ad138f857cd001ab015d8",
      "runtime": "v22.22.2",
      "typescript": "5.9.3",
      "typeRoots": "none (types: [])",
      "directory": "/tmp/zodiacs-engine-consumer-cj3fZn",
      "types": "passed",
      "directoryRemoved": true
    },
    {
      "version": "0.1.1-rc.16",
      "birthWindow": "passed",
      "techniques": "passed",
      "sky": "passed",
      "houses": "passed",
      "planetaryReturns": "passed",
      "timeBasis": "passed",
      "zoneHistory": "passed",
      "timing": "passed",
      "configuredAspects": "passed",
      "exactAspectBoundaries": "passed",
      "chartDeclinations": "passed",
      "sunConvention": "passed",
      "boundMargin": "passed",
      "exactSeparation": "passed",
      "ephemerisSpan": "passed",
      "metadata": "passed",
      "bodyLabels": "passed",
      "ephemerisRangeErrors": "passed",
      "crossings": "passed",
      "publicExamples": "passed",
      "errors": "passed",
      "optionalIsolation": "passed",
      "geoRetry": "passed",
      "geoSchemaRecovery": "passed",
      "geoCacheMutationIsolation": "passed",
      "natalEnvelope": "passed",
      "redactedDiagnostic": "passed",
      "typedFlagCompatibility": "passed",
      "derivedEchoReplay": "passed",
      "suppliedChartMetadata": "passed",
      "flagRejections": "passed",
      "scalarSnapshots": "passed",
      "civilSettingsBeforeIntl": "passed",
      "artifact": "/workspace/scratch/8dfe85084616/site-rc16/vendor/zodiacs-engine-0.1.1-rc.16.tgz",
      "sha256": "43a72d30e483d8ff22024e403c4bd0d86d81bb6e1d0ad138f857cd001ab015d8",
      "runtime": "v24.19.0",
      "typescript": "5.9.3",
      "typeRoots": "none (types: [])",
      "directory": "/tmp/zodiacs-engine-consumer-fbpHHE",
      "types": "passed",
      "directoryRemoved": true
    }
  ]
}
