Public archive consumer check of the vendored @zodiacs/engine 0.1.1-rc.9 archive: every check passed on Node 22.22.2 and Node 24.21.0.
{
  "version": "0.1.1-rc.9",
  "sha256": "bb5592302b1fa542cc745a9410b5a77faf49bbf4e205347ab771810efc300a20",
  "publicExamples": "passed",
  "types": "passed",
  "archive": "vendor/zodiacs-engine-0.1.1-rc.9.tgz",
  "harness": "scripts/verify-packed-consumer.mjs from zodiacs-org/engine at 82aad2fcc9b204a687e0b67f709681e62f9e889a, run as published there",
  "typescript": "5.9.3",
  "checks": [
    "crossings",
    "publicExamples",
    "errors",
    "optionalIsolation",
    "geoRetry",
    "geoSchemaRecovery",
    "geoCacheMutationIsolation",
    "natalEnvelope",
    "redactedDiagnostic",
    "typedFlagCompatibility",
    "derivedEchoReplay",
    "suppliedChartMetadata",
    "flagRejections",
    "scalarSnapshots",
    "civilSettingsBeforeIntl",
    "types"
  ],
  "runtimes": [
    "v22.22.2",
    "v24.21.0"
  ],
  "installation": "Each run makes a fresh consumer directory, installs the vendored archive and its public dependencies from npm and TypeScript 5.9.3, and uses only the root, geo, receipt and crossings exports and the archive declarations.",
  "attribution": "Automated consumer check run by the integrator on 2026-09-26; not an independent review."
}
