// Vitest Snapshot v1, https://vitest.dev/guide/snapshot.html

exports[`buildSceneModel parity > matches the committed Kahlo scene snapshot 1`] = `
{
  "anchor": {
    "lon": 143.5128205,
    "mode": "asc",
  },
  "angles": {
    "asc": 143.5128205,
    "dsc": 323.5128205,
    "ic": 233.328128,
    "mc": 53.328128,
  },
  "aspects": [
    {
      "a": "Sun",
      "applying": true,
      "b": "Mars",
      "orb": 0.0207334,
      "type": "opposition",
      "weight": 2,
    },
    {
      "a": "Venus",
      "applying": false,
      "b": "Pluto",
      "orb": 0.5925359,
      "type": "conjunction",
      "weight": 2,
    },
    {
      "a": "Sun",
      "applying": false,
      "b": "Neptune",
      "orb": 0.9765353,
      "type": "conjunction",
      "weight": 2,
    },
    {
      "a": "Mars",
      "applying": true,
      "b": "Neptune",
      "orb": 0.9972686,
      "type": "opposition",
      "weight": 2,
    },
    {
      "a": "Uranus",
      "applying": false,
      "b": "Neptune",
      "orb": 1.7867718,
      "type": "opposition",
      "weight": 1,
    },
    {
      "a": "Moon",
      "applying": false,
      "b": "Saturn",
      "orb": 2.2670319,
      "type": "sextile",
      "weight": 1,
    },
    {
      "a": "Sun",
      "applying": false,
      "b": "Uranus",
      "orb": 2.763307,
      "type": "opposition",
      "weight": 1,
    },
    {
      "a": "Mars",
      "applying": true,
      "b": "Uranus",
      "orb": 2.7840404,
      "type": "conjunction",
      "weight": 1,
    },
    {
      "a": "Venus",
      "applying": true,
      "b": "Saturn",
      "orb": 3.1059109,
      "type": "square",
      "weight": 1,
    },
    {
      "a": "Saturn",
      "applying": true,
      "b": "Pluto",
      "orb": 3.6984468,
      "type": "square",
      "weight": 0,
    },
  ],
  "bodies": [
    {
      "aspects": [
        "aspect:Sun-opposition-Mars",
        "aspect:Sun-conjunction-Neptune",
        "aspect:Sun-opposition-Uranus",
      ],
      "body": "Sun",
      "dignity": null,
      "drawLon": 464.9696494,
      "house": 12,
      "lon": 103.3755207,
      "retrograde": false,
      "sign": "cancer",
      "signDegree": 13.3755207,
      "speed": 0.9536202,
    },
    {
      "aspects": [
        "aspect:Moon-sextile-Saturn",
      ],
      "body": "Moon",
      "dignity": "exaltation",
      "drawLon": 408.9696494,
      "house": 10,
      "lon": 59.7122635,
      "retrograde": false,
      "sign": "taurus",
      "signDegree": 29.7122635,
      "speed": 12.0231041,
    },
    {
      "aspects": [],
      "body": "Mercury",
      "dignity": null,
      "drawLon": 506.9696494,
      "house": 1,
      "lon": 126.3359526,
      "retrograde": false,
      "sign": "leo",
      "signDegree": 6.3359526,
      "speed": 0.3728529,
    },
    {
      "aspects": [
        "aspect:Venus-conjunction-Pluto",
        "aspect:Venus-square-Saturn",
      ],
      "body": "Venus",
      "dignity": null,
      "drawLon": 436.9696494,
      "house": 11,
      "lon": 84.3393207,
      "retrograde": false,
      "sign": "gemini",
      "signDegree": 24.3393207,
      "speed": 1.2165151,
    },
    {
      "aspects": [
        "aspect:Sun-opposition-Mars",
        "aspect:Mars-opposition-Neptune",
        "aspect:Mars-conjunction-Uranus",
      ],
      "body": "Mars",
      "dignity": "exaltation",
      "drawLon": 289.0042338,
      "house": 6,
      "lon": 283.396254,
      "retrograde": true,
      "sign": "capricorn",
      "signDegree": 13.396254,
      "speed": -0.2943013,
    },
    {
      "aspects": [],
      "body": "Jupiter",
      "dignity": "exaltation",
      "drawLon": 478.9696494,
      "house": 12,
      "lon": 110.4352232,
      "retrograde": false,
      "sign": "cancer",
      "signDegree": 20.4352232,
      "speed": 0.223162,
    },
    {
      "aspects": [
        "aspect:Moon-sextile-Saturn",
        "aspect:Venus-square-Saturn",
        "aspect:Saturn-square-Pluto",
      ],
      "body": "Saturn",
      "dignity": null,
      "drawLon": 357.4452316,
      "house": 8,
      "lon": 357.4452316,
      "retrograde": false,
      "sign": "pisces",
      "signDegree": 27.4452316,
      "speed": 0.0055653,
    },
    {
      "aspects": [
        "aspect:Uranus-opposition-Neptune",
        "aspect:Sun-opposition-Uranus",
        "aspect:Mars-conjunction-Uranus",
      ],
      "body": "Uranus",
      "dignity": null,
      "drawLon": 275.0042338,
      "house": 6,
      "lon": 280.6122136,
      "retrograde": true,
      "sign": "capricorn",
      "signDegree": 10.6122136,
      "speed": -0.0404167,
    },
    {
      "aspects": [
        "aspect:Sun-conjunction-Neptune",
        "aspect:Mars-opposition-Neptune",
        "aspect:Uranus-opposition-Neptune",
      ],
      "body": "Neptune",
      "dignity": null,
      "drawLon": 450.9696494,
      "house": 12,
      "lon": 102.3989854,
      "retrograde": false,
      "sign": "cancer",
      "signDegree": 12.3989854,
      "speed": 0.0372235,
    },
    {
      "aspects": [
        "aspect:Venus-conjunction-Pluto",
        "aspect:Saturn-square-Pluto",
      ],
      "body": "Pluto",
      "dignity": null,
      "drawLon": 422.9696494,
      "house": 11,
      "lon": 83.7467848,
      "retrograde": false,
      "sign": "gemini",
      "signDegree": 23.7467848,
      "speed": 0.0224985,
    },
    {
      "aspects": [],
      "body": "North Node",
      "dignity": null,
      "drawLon": 492.9696494,
      "house": 12,
      "lon": 113.4131444,
      "retrograde": true,
      "sign": "cancer",
      "signDegree": 23.4131444,
      "speed": -0.0235344,
    },
  ],
  "engineVersion": "0.1.1-rc.9",
  "flags": [
    "lmt",
  ],
  "houseSystem": "whole",
  "houses": [
    {
      "cuspLon": 120,
      "index": 1,
      "midLon": 135,
      "occupants": [
        "Mercury",
      ],
      "spanDeg": 30,
    },
    {
      "cuspLon": 150,
      "index": 2,
      "midLon": 165,
      "occupants": [],
      "spanDeg": 30,
    },
    {
      "cuspLon": 180,
      "index": 3,
      "midLon": 195,
      "occupants": [],
      "spanDeg": 30,
    },
    {
      "cuspLon": 210,
      "index": 4,
      "midLon": 225,
      "occupants": [],
      "spanDeg": 30,
    },
    {
      "cuspLon": 240,
      "index": 5,
      "midLon": 255,
      "occupants": [],
      "spanDeg": 30,
    },
    {
      "cuspLon": 270,
      "index": 6,
      "midLon": 285,
      "occupants": [
        "Uranus",
        "Mars",
      ],
      "spanDeg": 30,
    },
    {
      "cuspLon": 300,
      "index": 7,
      "midLon": 315,
      "occupants": [],
      "spanDeg": 30,
    },
    {
      "cuspLon": 330,
      "index": 8,
      "midLon": 345,
      "occupants": [
        "Saturn",
      ],
      "spanDeg": 30,
    },
    {
      "cuspLon": 0,
      "index": 9,
      "midLon": 15,
      "occupants": [],
      "spanDeg": 30,
    },
    {
      "cuspLon": 30,
      "index": 10,
      "midLon": 45,
      "occupants": [
        "Moon",
      ],
      "spanDeg": 30,
    },
    {
      "cuspLon": 60,
      "index": 11,
      "midLon": 75,
      "occupants": [
        "Pluto",
        "Venus",
      ],
      "spanDeg": 30,
    },
    {
      "cuspLon": 90,
      "index": 12,
      "midLon": 105,
      "occupants": [
        "Neptune",
        "Sun",
        "Jupiter",
        "North Node",
      ],
      "spanDeg": 30,
    },
  ],
  "signs": [
    {
      "fromLon": 0,
      "slug": "aries",
    },
    {
      "fromLon": 30,
      "slug": "taurus",
    },
    {
      "fromLon": 60,
      "slug": "gemini",
    },
    {
      "fromLon": 90,
      "slug": "cancer",
    },
    {
      "fromLon": 120,
      "slug": "leo",
    },
    {
      "fromLon": 150,
      "slug": "virgo",
    },
    {
      "fromLon": 180,
      "slug": "libra",
    },
    {
      "fromLon": 210,
      "slug": "scorpio",
    },
    {
      "fromLon": 240,
      "slug": "sagittarius",
    },
    {
      "fromLon": 270,
      "slug": "capricorn",
    },
    {
      "fromLon": 300,
      "slug": "aquarius",
    },
    {
      "fromLon": 330,
      "slug": "pisces",
    },
  ],
}
`;
