Public archive consumer check of the vendored @zodiacs/engine 0.1.1-rc.10 archive: every check passed on Node 22.22.2 and Node 24.19.0.
{
  "version": "0.1.1-rc.10",
  "sha256": "a377cdc8c12e25ff7de4fe95ddf77a4cdee8d2da97071b0f8454e340b374565c",
  "publicExamples": "passed",
  "types": "passed",
  "archive": "vendor/zodiacs-engine-0.1.1-rc.10.tgz",
  "harness": "scripts/verify-packed-consumer.mjs from zodiacs-org/engine at 9c4f3fd77b5d6235288d9cdfc2ac1d183a5c4d6b, run as published there",
  "sourceCommit": "9c4f3fd77b5d6235288d9cdfc2ac1d183a5c4d6b",
  "typescript": "5.9.3",
  "checks": [
    "crossings",
    "publicExamples",
    "errors",
    "optionalIsolation",
    "geoRetry",
    "geoSchemaRecovery",
    "geoCacheMutationIsolation",
    "natalEnvelope",
    "redactedDiagnostic",
    "typedFlagCompatibility",
    "derivedEchoReplay",
    "suppliedChartMetadata",
    "flagRejections",
    "scalarSnapshots",
    "civilSettingsBeforeIntl",
    "types"
  ],
  "runtimes": [
    "v22.22.2",
    "v24.19.0"
  ],
  "results": [
    {
      "runtime": "v22.22.2",
      "checks": {
        "crossings": "passed",
        "publicExamples": "passed",
        "errors": "passed",
        "optionalIsolation": "passed",
        "geoRetry": "passed",
        "geoSchemaRecovery": "passed",
        "geoCacheMutationIsolation": "passed",
        "natalEnvelope": "passed",
        "redactedDiagnostic": "passed",
        "typedFlagCompatibility": "passed",
        "derivedEchoReplay": "passed",
        "suppliedChartMetadata": "passed",
        "flagRejections": "passed",
        "scalarSnapshots": "passed",
        "civilSettingsBeforeIntl": "passed",
        "types": "passed"
      }
    },
    {
      "runtime": "v24.19.0",
      "checks": {
        "crossings": "passed",
        "publicExamples": "passed",
        "errors": "passed",
        "optionalIsolation": "passed",
        "geoRetry": "passed",
        "geoSchemaRecovery": "passed",
        "geoCacheMutationIsolation": "passed",
        "natalEnvelope": "passed",
        "redactedDiagnostic": "passed",
        "typedFlagCompatibility": "passed",
        "derivedEchoReplay": "passed",
        "suppliedChartMetadata": "passed",
        "flagRejections": "passed",
        "scalarSnapshots": "passed",
        "civilSettingsBeforeIntl": "passed",
        "types": "passed"
      }
    }
  ],
  "command": "node scripts/verify-packed-consumer.mjs /absolute/path/to/site/vendor/zodiacs-engine-0.1.1-rc.10.tgz",
  "installation": "Each run makes a fresh consumer directory, installs the vendored archive and its public dependencies from npm and TypeScript 5.9.3, and uses only the root, geo, receipt and crossings exports and the archive declarations.",
  "completedAt": "2026-09-28T07:48:05.229824Z",
  "attribution": "Automated consumer check run by the integrator; not an independent review."
}
