(node:163991) [UNDICI-EHPA] Warning: EnvHttpProxyAgent is experimental, expect them to change at any time.
(Use `node --trace-warnings ...` to show where the warning was created)
(node:164004) [UNDICI-EHPA] Warning: EnvHttpProxyAgent is experimental, expect them to change at any time.
(Use `node --trace-warnings ...` to show where the warning was created)

 RUN  v3.2.7 /workspace/site

(node:164016) [UNDICI-EHPA] Warning: EnvHttpProxyAgent is experimental, expect them to change at any time.
(Use `node --trace-warnings ...` to show where the warning was created)
 ✓ src/lib/engine/transit-window-independent.test.ts (11 tests) 575ms
(node:164032) [UNDICI-EHPA] Warning: EnvHttpProxyAgent is experimental, expect them to change at any time.
(Use `node --trace-warnings ...` to show where the warning was created)
 ✓ src/lib/engine/lunar-return.test.ts (49 tests) 342ms
(node:164040) [UNDICI-EHPA] Warning: EnvHttpProxyAgent is experimental, expect them to change at any time.
(Use `node --trace-warnings ...` to show where the warning was created)
 ✓ src/islands/SynastryCalculator.recovery.test.ts (23 tests) 432ms
(node:164048) [UNDICI-EHPA] Warning: EnvHttpProxyAgent is experimental, expect them to change at any time.
(Use `node --trace-warnings ...` to show where the warning was created)
 ✓ src/lib/engine/engine.test.ts (53 tests) 146ms
(node:164056) [UNDICI-EHPA] Warning: EnvHttpProxyAgent is experimental, expect them to change at any time.
(Use `node --trace-warnings ...` to show where the warning was created)
 ✓ src/islands/SynastryCalculator.share.test.ts (1 test) 99ms
(node:164064) [UNDICI-EHPA] Warning: EnvHttpProxyAgent is experimental, expect them to change at any time.
(Use `node --trace-warnings ...` to show where the warning was created)
 ✓ src/lib/engine/independent-references-clock.test.ts (10 tests) 10ms
(node:164072) [UNDICI-EHPA] Warning: EnvHttpProxyAgent is experimental, expect them to change at any time.
(Use `node --trace-warnings ...` to show where the warning was created)
 ✓ src/islands/SynastryCalculator.test.ts (2 tests) 8ms

 Test Files  7 passed (7)
      Tests  149 passed (149)
   Start at  06:11:04
   Duration  4.85s (transform 922ms, setup 0ms, collect 1.58s, tests 1.61s, environment 2ms, prepare 545ms)

(node:164080) [UNDICI-EHPA] Warning: EnvHttpProxyAgent is experimental, expect them to change at any time.
(Use `node --trace-warnings ...` to show where the warning was created)
